customRegistrations
pPluginManagement:
pUserConfig:
pChapterIndexFile:
pGets:
pStorage:
pConfigFile:FILE_CONFIG_DEFAULT;FILE_CONFIG
pLocalizationSwitcher:
pColorTheme:
pConvertSysEventToEvent
pConvertSysEventToEvent:pPrePrintEvent
pClickConverter:
pui:
puiHeader:header
puiSidebar:sidebar
puiButtonTab
puiButtonTabTree
puiPanel:bottom
puiPanel:top
puiButtonTOC:toc
puiButtonBmarks:
pIndexFile:keywordList
puiButtonKeywordIndex:keywordList
pIndexFile:fulltextList
puiButtonKeywordIndex:fulltextList
puiButtonHome:
puiButtonChangeLanguage:
puiButtonVersionSearch:
puiButtonColorTheme:
puiButtonAsBook:
puiButtonToggleSide:
puiButtonFullScreen:
puiButtonPresMode:
puiSidebarVisibilityToggle:
puiButtonPrint:
puiNavigation:nav
puiButtonEditRepo:
pTopicRenderer:
pTRClearPanels:-triage
pTRTriage:-triage
pTRKeywordRender:-triage
pTRLoadData:-load
pTRParseMd:-md
pTREmptyPlugin:-htm
pTRFlushToMemDOM:-unconnected
pTRUnconnectedTransformation:-unconnected
pTR1stHeadingToTopPanel:-unconnected
pTRBookmarkAnalysis:-connected
pTRVersionSearch:-connected
pTRFlushToDOM:-connected
pTRParsePrism:-connected
pTRParseMermaid:-connected
pTRRefreshJS:-connected
pTRKeywordInText:-connected
pKWGenerateIndex:fulltextList
pTopicRenderer:fulltextList
pTRTriage:fulltextList-triage
pTRLoadData:fulltextList-load
pTRParseMd:fulltextList-md
pTREmptyPlugin:fulltextList-htm
pTRFlushToMemDOM:fulltextList-unconnected
pTRUnconnectedTransformation:fulltextList-unconnected
pKWGetChapterLinks:fulltextList-unconnected2
pKWHTMLToText:fulltextList-unconnected2
pKWIndexDoc:fulltextList-unconnected2
pServicePlugin
pServiceLocalization:
puiWatermark
